[busdmatrix.io/index.html]
[backblue.gif]
[fade.gif]
[index.html]
[busdmatrix.io/apple-icon-57x57.png]
[busdmatrix.io/apple-icon-60x60.png]
[busdmatrix.io/apple-icon-72x72.png]
[busdmatrix.io/apple-icon-76x76.png]
[busdmatrix.io/apple-icon-114x114.png]
[busdmatrix.io/apple-icon-120x120.png]
[busdmatrix.io/apple-icon-144x144.png]
[busdmatrix.io/apple-icon-152x152.png]
[busdmatrix.io/apple-icon-180x180.png]
[busdmatrix.io/android-icon-192x192.png]
[busdmatrix.io/favicon-32x32.png]
[busdmatrix.io/favicon-96x96.png]
[busdmatrix.io/favicon-16x16.png]
[busdmatrix.io/manifest.json]
[busdmatrix.io/ms-icon-144x144.png]
[busdmatrix.io/styles/reset.css]
[busdmatrix.io/styles/style.css]
[busdmatrix.io/styles/media.css]
[busdmatrix.io/images/logo.png]
[busdmatrix.io/lib/jQuery_3.6.0.js]
[unpkg.com/web3@1.2.11/dist/web3.min.js]
[unpkg.com/web3modal@latest/dist/index.16.delayed]
[unpkg.com/web3modal@1.9.4/dist/index.js]
[unpkg.com/@walletconnect/web3-provider@latest/dist/umd/index.min.js]
[unpkg.com/@walletconnect/web3-provider@1.6.6/dist/umd/index.min.js]
[code.jquery.com/ui/1.11.4/jquery-ui.js]
[busdmatrix.io/lib/ethers-5.2.umd.min.js]
[busdmatrix.io/lib/rxjs.min.js]
[cdnjs.cloudflare.com/ajax/libs/jqueryui-touch-punch/0.2.3/jquery.ui.touch-punch.min.js]
[busdmatrix.io/lib/jquery.numeric.js]
[busdmatrix.io/js/slider_drag.js]
[busdmatrix.io/abi/contract.abi.js]
[busdmatrix.io/abi/token.abi.js]
[busdmatrix.io/js/main.js]
[busdmatrix.io/js/subjects.js]
[busdmatrix.io/js/observables.js]
[busdmatrix.io/js/observers.js]
[busdmatrix.io/index.html]
[busdmatrix.io/styles/reset.css]
[busdmatrix.io/js/dapp.js]
[ajax.googleapis.com/ajax/libs/jqueryui/1.11.2/themes/smoothness/images/ui-bg_flat_75_ffffff_40x100.png]
[ajax.googleapis.com/ajax/libs/jqueryui/1.11.2/themes/smoothness/images/ui-bg_highlight-soft_75_cccccc_1x100.png]
[ajax.googleapis.com/ajax/libs/jqueryui/1.11.2/themes/smoothness/images/ui-bg_glass_75_e6e6e6_1x400.png]
[ajax.googleapis.com/ajax/libs/jqueryui/1.11.2/themes/smoothness/images/ui-bg_glass_75_dadada_1x400.png]
[ajax.googleapis.com/ajax/libs/jqueryui/1.11.2/themes/smoothness/images/ui-bg_glass_65_ffffff_1x400.png]
[ajax.googleapis.com/ajax/libs/jqueryui/1.11.2/themes/smoothness/images/ui-bg_glass_55_fbf9ee_1x400.png]
[ajax.googleapis.com/ajax/libs/jqueryui/1.11.2/themes/smoothness/images/ui-bg_glass_95_fef1ec_1x400.png]
[ajax.googleapis.com/ajax/libs/jqueryui/1.11.2/themes/smoothness/images/ui-icons_222222_256x240.png]
[ajax.googleapis.com/ajax/libs/jqueryui/1.11.2/themes/smoothness/images/ui-icons_888888_256x240.png]
[ajax.googleapis.com/ajax/libs/jqueryui/1.11.2/themes/smoothness/images/ui-icons_454545_256x240.png]
[ajax.googleapis.com/ajax/libs/jqueryui/1.11.2/themes/smoothness/images/ui-icons_2e83ff_256x240.png]
[ajax.googleapis.com/ajax/libs/jqueryui/1.11.2/themes/smoothness/images/ui-icons_cd0a0a_256x240.png]
[ajax.googleapis.com/ajax/libs/jqueryui/1.11.2/themes/smoothness/images/ui-bg_flat_0_aaaaaa_40x100.png]
[ajax.googleapis.com/ajax/libs/jqueryui/1.11.2/themes/smoothness/jquery-ui.css]
[busdmatrix.io/fonts/Montserrat/Montserrat-Regular.eot]
[busdmatrix.io/fonts/Montserrat/Montserrat-Regulard41d.eot]
[busdmatrix.io/fonts/Montserrat/Montserrat-Regular.woff]
[busdmatrix.io/fonts/Montserrat/Montserrat-Regular.ttf]
[busdmatrix.io/fonts/Montserrat/Montserrat-Bold.eot]
[busdmatrix.io/fonts/Montserrat/Montserrat-Bold.woff]
[busdmatrix.io/fonts/Montserrat/Montserrat-Boldd41d.eot]
[busdmatrix.io/fonts/Montserrat/Montserrat-Bold.ttf]
[busdmatrix.io/social.svg]
[busdmatrix.io/images/main_bg.jpg]
[busdmatrix.io/images/plus.svg]
[busdmatrix.io/images/discord.svg]
[busdmatrix.io/images/twitter.svg]
[busdmatrix.io/images/telegram.svg]
[busdmatrix.io/images/btn_arrow.svg]
[busdmatrix.io/images/X.svg]
[busdmatrix.io/images/asc_img.svg]
[busdmatrix.io/images/fox.png]
[busdmatrix.io/images/binance.png]
[busdmatrix.io/images/spinner.svg]
[busdmatrix.io/images/copy.png]
[busdmatrix.io/styles/style.css]
[busdmatrix.io/styles/media.css]
[busdmatrix.io/social.svg]
[busdmatrix.io/images/main_bg.html]
[busdmatrix.io/images/plus.svg]
[busdmatrix.io/images/discord.svg]
[busdmatrix.io/images/twitter.svg]
[busdmatrix.io/images/telegram.svg]
[busdmatrix.io/images/btn_arrow.svg]
[busdmatrix.io/images/X.svg]
[busdmatrix.io/images/asc_img.svg]
[busdmatrix.io/images/spinner.svg]
